*[name] house [type] model [radius] 6.0 
[texture] pave01.png [modeldesc] house.lst [billboard] [sound] 
[friction] 0.8 [depth] 0.0 [mat] 4

*[name] treegen [type] model [radius] 0.6 
[texture] treegen2.png [modeldesc] treegen.lst [billboard] [sound] 
[friction] 0.0 [depth] 0.0 [mat] 4 

*[name] cube [type] model [radius] 2.0 
[texture] pave04.png [modeldesc] cube.lst [billboard] [sound]
[friction] 0.8 [depth] 0.0 [mat] 1 

*[name] cube_snow [type] model [radius] 1.0 
[texture] snow.png [modeldesc] cube.lst [billboard] [sound]
[friction] 0.35 [depth] 0.0 [mat] 1 

*[name] wall_cube [type] model [radius] 2.0 
[texture] pave01.png [modeldesc] cube.lst [billboard] [sound]
[friction] 0.8 [depth] 0.0 [mat] 1 

*[name] wall_cube2 [type] model [radius] 6.0 
[texture] icy_floor01.png [modeldesc] cube.lst [billboard] [sound]
[friction] 0.8 [depth] 0.0 [mat] 1 

*[name] path_cube [type] model [radius] 6.0 
[texture] icy_floor01.png [modeldesc] cube.lst [billboard] [sound]
[friction] 0.1 [depth] 0.0 [mat] 1 

*[name] collectcube [type] model [radius] 2.0 
[texture] ice.png [modeldesc] cube.lst [billboard] [sound]
[friction] 0.8 [depth] 0.0 [mat] 1 [collect] 3

*[name] noncollectcube [type] model [radius] 2.0 
[texture] ice.png [modeldesc] cube.lst [billboard] [sound]
[friction] 0.8 [depth] 0.0 [mat] 1 

*[name] quad [type] model [radius] 3.0
[texture] test.png [modeldesc] quad.lst [billboard] [sound]
[friction] 0.8 [depth] 0.0 [mat] 1 

*[name] triangle [type] model [radius] 3.0
[texture] treegen2.png [modeldesc] triangle.lst [billboard] [sound]
[friction] 0.8 [depth] 0.0 [mat] 1 

*[name] boundary [type] model [radius] 3.0 [visible] no
[modeldesc] quad.lst [friction] 0.8 [depth] 0.0 

*[name] bridge_sign [type] sprite [texture] bridge_sign.png
*[name] tunnelfront [type] sprite [texture] tunnelfront2.png

*[name] start [type] sprite [texture] start.png 
*[name] finish [type] sprite [texture] finish.png 
*[name] flag [type] autosprite [texture] flag.png
*[name] herring [type] autosprite [texture] herring.png [collect] 1 [radius] 0.5
*[name] sprite_tree [type] sprite [texture] testquad.png 
*[name] green_tree [type] tree [texture] green_tree_dark.png
*[name] snowy_tree [type] tree [texture] snowy_tree.png
*[name] tree_barren [type] tree [texture] tree_barren.png
*[name] shrub [type] tree [texture] shrub2.png



