*[name] green_tree [pos] 54.6 0.0 -472.0 [scale] 4.6 3.9 4.6 [rotation] 0 69 -2
*[name] green_tree [pos] 50.6 0.0 -472.0 [scale] 4.8 4.8 4.8 [rotation] 0 32 -3
*[name] green_tree [pos] 45.5 0.0 -472.0 [scale] 4.2 4.2 4.2 [rotation] 0 45 -3
*[name] green_tree [pos] 40.4 0.0 -472.0 [scale] 4.3 5.3 4.3 [rotation] 0 73 2
*[name] green_tree [pos] 52.6 0.0 -467.9 [scale] 5.1 4.4 5.1 [rotation] 0 12 5
*[name] green_tree [pos] 72.8 0.0 -465.9 [scale] 5.0 5.0 5.0 [rotation] 0 40 -3
*[name] green_tree [pos] 55.6 0.0 -465.9 [scale] 5.9 6.3 5.9 [rotation] 0 32 4
*[name] green_tree [pos] 42.5 0.0 -465.9 [scale] 5.6 6.9 5.6 [rotation] 0 83 -4
*[name] green_tree [pos] 29.3 0.0 -465.9 [scale] 5.9 6.8 5.9 [rotation] 0 34 -2
*[name] green_tree [pos] 38.4 0.0 -461.9 [scale] 4.2 4.9 4.2 [rotation] 0 45 -3
*[name] green_tree [pos] 67.8 0.0 -459.9 [scale] 4.3 5.6 4.3 [rotation] 0 30 -2
*[name] green_tree [pos] 28.3 0.0 -459.9 [scale] 5.7 5.0 5.7 [rotation] 0 89 -1
*[name] green_tree [pos] 76.9 0.0 -457.9 [scale] 4.5 3.9 4.5 [rotation] 0 38 3
*[name] green_tree [pos] 23.3 0.0 -457.9 [scale] 5.0 6.2 5.0 [rotation] 0 82 -0
*[name] green_tree [pos] 19.2 0.0 -453.9 [scale] 4.8 4.5 4.8 [rotation] 0 35 -3
*[name] green_tree [pos] 67.8 0.0 -451.9 [scale] 4.2 4.1 4.2 [rotation] 0 25 -4
*[name] green_tree [pos] 64.7 0.0 -449.9 [scale] 6.0 6.7 6.0 [rotation] 0 38 -4
*[name] green_tree [pos] 75.8 0.0 -447.9 [scale] 4.8 6.0 4.8 [rotation] 0 24 0
*[name] green_tree [pos] 34.4 0.0 -447.9 [scale] 5.8 6.4 5.8 [rotation] 0 76 3
*[name] green_tree [pos] 23.3 0.0 -447.9 [scale] 5.5 6.7 5.5 [rotation] 0 19 -5
*[name] green_tree [pos] 70.8 0.0 -445.9 [scale] 5.9 6.6 5.9 [rotation] 0 69 -0
*[name] green_tree [pos] 62.7 0.0 -445.9 [scale] 5.0 5.7 5.0 [rotation] 0 83 4
*[name] green_tree [pos] 18.2 0.0 -443.8 [scale] 5.9 5.6 5.9 [rotation] 0 7 -4
*[name] green_tree [pos] 27.3 0.0 -441.8 [scale] 5.2 5.1 5.2 [rotation] 0 13 1
*[name] green_tree [pos] 28.3 0.0 -439.8 [scale] 4.0 4.3 4.0 [rotation] 0 64 -1
*[name] green_tree [pos] 76.9 0.0 -437.8 [scale] 5.0 6.4 5.0 [rotation] 0 83 -1
*[name] green_tree [pos] 37.4 0.0 -437.8 [scale] 5.2 6.1 5.2 [rotation] 0 16 -2
*[name] green_tree [pos] 69.8 0.0 -435.8 [scale] 5.2 5.2 5.2 [rotation] 0 30 1
*[name] green_tree [pos] 30.3 0.0 -435.8 [scale] 4.0 3.4 4.0 [rotation] 0 2 0
*[name] green_tree [pos] 21.2 0.0 -435.8 [scale] 5.5 7.1 5.5 [rotation] 0 36 2
*[name] green_tree [pos] 18.2 0.0 -435.8 [scale] 4.5 4.7 4.5 [rotation] 0 70 4
*[name] green_tree [pos] 61.7 0.0 -427.8 [scale] 5.7 7.1 5.7 [rotation] 0 44 3
*[name] green_tree [pos] 26.3 0.0 -427.8 [scale] 5.0 4.5 5.0 [rotation] 0 20 5
*[name] green_tree [pos] 74.8 0.0 -425.8 [scale] 4.4 3.8 4.4 [rotation] 0 34 3
*[name] green_tree [pos] 35.4 0.0 -425.8 [scale] 5.9 6.3 5.9 [rotation] 0 8 0
*[name] green_tree [pos] 29.3 0.0 -425.8 [scale] 5.9 5.9 5.9 [rotation] 0 7 5
*[name] green_tree [pos] 69.8 0.0 -419.7 [scale] 5.0 4.3 5.0 [rotation] 0 41 -2
*[name] green_tree [pos] 23.3 0.0 -419.7 [scale] 4.1 5.0 4.1 [rotation] 0 1 -2
*[name] green_tree [pos] 19.2 0.0 -417.7 [scale] 4.7 5.6 4.7 [rotation] 0 15 -3
*[name] green_tree [pos] 18.2 0.0 -415.7 [scale] 5.4 6.1 5.4 [rotation] 0 2 -3
*[name] green_tree [pos] 32.4 0.0 -413.7 [scale] 5.7 5.3 5.7 [rotation] 0 14 -4
*[name] green_tree [pos] 28.3 0.0 -413.7 [scale] 4.8 5.1 4.8 [rotation] 0 73 -2
*[name] green_tree [pos] 24.3 0.0 -413.7 [scale] 4.2 5.2 4.2 [rotation] 0 77 -5
*[name] green_tree [pos] 35.4 0.0 -411.7 [scale] 4.6 5.9 4.6 [rotation] 0 87 3
*[name] green_tree [pos] 18.2 0.0 -407.7 [scale] 4.1 4.1 4.1 [rotation] 0 12 -4
*[name] green_tree [pos] 23.3 0.0 -405.7 [scale] 4.6 4.0 4.6 [rotation] 0 34 1
*[name] green_tree [pos] 29.3 0.0 -403.7 [scale] 5.8 6.3 5.8 [rotation] 0 73 1
*[name] green_tree [pos] 65.7 0.0 -399.7 [scale] 4.4 5.4 4.4 [rotation] 0 72 -4
*[name] green_tree [pos] 20.2 0.0 -399.7 [scale] 4.2 5.3 4.2 [rotation] 0 11 -0
*[name] green_tree [pos] 71.8 0.0 -397.7 [scale] 5.0 6.3 5.0 [rotation] 0 73 1
*[name] green_tree [pos] 24.3 0.0 -393.6 [scale] 5.7 6.5 5.7 [rotation] 0 51 -3
*[name] green_tree [pos] 19.2 0.0 -387.6 [scale] 5.2 5.6 5.2 [rotation] 0 1 1
*[name] green_tree [pos] 64.7 0.0 -383.6 [scale] 5.9 5.2 5.9 [rotation] 0 66 -2
*[name] green_tree [pos] 73.8 0.0 -381.6 [scale] 4.6 3.9 4.6 [rotation] 0 80 -3
*[name] green_tree [pos] 34.4 0.0 -381.6 [scale] 5.3 6.1 5.3 [rotation] 0 74 4
*[name] green_tree [pos] 17.2 0.0 -379.6 [scale] 5.1 5.7 5.1 [rotation] 0 85 1
*[name] green_tree [pos] 12.1 0.0 -375.6 [scale] 5.1 4.3 5.1 [rotation] 0 11 -4
*[name] green_tree [pos] 65.7 0.0 -369.5 [scale] 4.0 5.1 4.0 [rotation] 0 54 4
*[name] green_tree [pos] 78.9 0.0 -367.5 [scale] 5.2 4.6 5.2 [rotation] 0 2 -3
*[name] green_tree [pos] 12.1 0.0 -365.5 [scale] 5.4 4.4 5.4 [rotation] 0 78 2
*[name] green_tree [pos] 43.5 0.0 -363.5 [scale] 4.3 4.8 4.3 [rotation] 0 84 -0
*[name] green_tree [pos] 31.3 0.0 -363.5 [scale] 5.4 6.5 5.4 [rotation] 0 59 -1
*[name] green_tree [pos] 25.3 0.0 -359.5 [scale] 5.1 5.3 5.1 [rotation] 0 20 -4
*[name] green_tree [pos] 15.2 0.0 -357.5 [scale] 4.2 3.7 4.2 [rotation] 0 64 2
*[name] green_tree [pos] 74.8 0.0 -353.5 [scale] 4.4 5.4 4.4 [rotation] 0 66 -3
*[name] green_tree [pos] 44.5 0.0 -351.5 [scale] 5.5 5.3 5.5 [rotation] 0 8 -1
*[name] green_tree [pos] 18.2 0.0 -351.5 [scale] 5.0 4.3 5.0 [rotation] 0 53 -3
*[name] green_tree [pos] 31.3 0.0 -347.4 [scale] 4.3 4.4 4.3 [rotation] 0 80 -2
*[name] green_tree [pos] 71.8 0.0 -345.4 [scale] 4.1 5.0 4.1 [rotation] 0 68 3
*[name] green_tree [pos] 48.5 0.0 -341.4 [scale] 5.3 5.3 5.3 [rotation] 0 10 -3
*[name] green_tree [pos] 18.2 0.0 -341.4 [scale] 5.8 5.6 5.8 [rotation] 0 23 5
*[name] green_tree [pos] 75.8 0.0 -339.4 [scale] 5.0 6.4 5.0 [rotation] 0 61 2
*[name] green_tree [pos] 45.5 0.0 -339.4 [scale] 5.6 5.6 5.6 [rotation] 0 85 0
*[name] green_tree [pos] 27.3 0.0 -337.4 [scale] 5.5 4.5 5.5 [rotation] 0 82 -3
*[name] green_tree [pos] 25.3 0.0 -333.4 [scale] 4.3 4.5 4.3 [rotation] 0 42 -2
*[name] green_tree [pos] 45.5 0.0 -329.4 [scale] 5.9 5.8 5.9 [rotation] 0 51 -5
*[name] green_tree [pos] 11.1 0.0 -329.4 [scale] 4.3 4.2 4.3 [rotation] 0 69 3
*[name] green_tree [pos] 74.8 0.0 -325.4 [scale] 5.5 6.8 5.5 [rotation] 0 89 1
*[name] green_tree [pos] 10.1 0.0 -321.3 [scale] 4.4 4.0 4.4 [rotation] 0 56 2
*[name] green_tree [pos] 13.1 0.0 -313.3 [scale] 4.4 4.2 4.4 [rotation] 0 36 5
*[name] green_tree [pos] 80.9 0.0 -309.3 [scale] 5.4 5.3 5.4 [rotation] 0 48 -1
*[name] green_tree [pos] 73.8 0.0 -307.3 [scale] 4.8 4.9 4.8 [rotation] 0 62 0
*[name] green_tree [pos] 73.8 0.0 -297.2 [scale] 5.9 5.2 5.9 [rotation] 0 71 4
*[name] green_tree [pos] 26.3 0.0 -293.2 [scale] 5.0 4.9 5.0 [rotation] 0 83 2
*[name] green_tree [pos] 77.9 0.0 -291.2 [scale] 5.4 6.1 5.4 [rotation] 0 44 -1
*[name] green_tree [pos] 41.5 0.0 -289.2 [scale] 5.1 5.3 5.1 [rotation] 0 3 3
*[name] green_tree [pos] 25.3 0.0 -285.2 [scale] 5.4 6.1 5.4 [rotation] 0 40 4
*[name] green_tree [pos] 83.9 0.0 -283.2 [scale] 5.9 7.2 5.9 [rotation] 0 80 1
*[name] green_tree [pos] 75.8 0.0 -279.2 [scale] 4.4 4.4 4.4 [rotation] 0 8 1
*[name] green_tree [pos] 38.4 0.0 -279.2 [scale] 5.7 6.8 5.7 [rotation] 0 7 3
*[name] green_tree [pos] 80.9 0.0 -275.1 [scale] 5.9 7.2 5.9 [rotation] 0 65 -1
*[name] green_tree [pos] 73.8 0.0 -271.1 [scale] 4.4 5.0 4.4 [rotation] 0 9 4
*[name] green_tree [pos] 22.2 0.0 -255.1 [scale] 4.6 5.1 4.6 [rotation] 0 27 4
*[name] green_tree [pos] 18.2 0.0 -249.0 [scale] 4.1 4.0 4.1 [rotation] 0 57 3
*[name] green_tree [pos] 34.4 0.0 -241.0 [scale] 6.0 5.0 6.0 [rotation] 0 60 4
*[name] green_tree [pos] 18.2 0.0 -239.0 [scale] 5.9 6.3 5.9 [rotation] 0 52 -4
*[name] green_tree [pos] 21.2 0.0 -237.0 [scale] 5.9 6.7 5.9 [rotation] 0 62 3
*[name] green_tree [pos] 65.7 0.0 -235.0 [scale] 4.9 5.8 4.9 [rotation] 0 57 -1
*[name] green_tree [pos] 32.4 0.0 -235.0 [scale] 5.3 5.1 5.3 [rotation] 0 73 3
*[name] green_tree [pos] 68.8 0.0 -229.0 [scale] 6.0 7.5 6.0 [rotation] 0 67 -2
*[name] green_tree [pos] 34.4 0.0 -229.0 [scale] 5.0 4.1 5.0 [rotation] 0 16 1
*[name] green_tree [pos] 11.1 0.0 -229.0 [scale] 4.8 5.8 4.8 [rotation] 0 29 -1
*[name] green_tree [pos] 15.2 0.0 -222.9 [scale] 5.8 7.5 5.8 [rotation] 0 27 3
*[name] green_tree [pos] 67.8 0.0 -220.9 [scale] 5.1 6.3 5.1 [rotation] 0 86 0
*[name] green_tree [pos] 72.8 0.0 -212.9 [scale] 5.1 5.7 5.1 [rotation] 0 30 -5
*[name] green_tree [pos] 65.7 0.0 -210.9 [scale] 4.8 6.2 4.8 [rotation] 0 35 -5
*[name] green_tree [pos] 13.1 0.0 -210.9 [scale] 4.6 4.2 4.6 [rotation] 0 80 -2
*[name] green_tree [pos] 19.2 0.0 -198.8 [scale] 4.2 4.7 4.2 [rotation] 0 54 1
*[name] green_tree [pos] 71.8 0.0 -194.8 [scale] 5.4 6.4 5.4 [rotation] 0 16 -4
*[name] green_tree [pos] 14.2 0.0 -194.8 [scale] 5.2 5.5 5.2 [rotation] 0 40 0
*[name] green_tree [pos] 71.8 0.0 -186.8 [scale] 5.0 5.8 5.0 [rotation] 0 31 -5
*[name] green_tree [pos] 61.7 0.0 -186.8 [scale] 5.3 5.0 5.3 [rotation] 0 49 -3
*[name] green_tree [pos] 21.2 0.0 -186.8 [scale] 5.9 7.3 5.9 [rotation] 0 17 -1
*[name] green_tree [pos] 60.7 0.0 -178.7 [scale] 5.7 6.2 5.7 [rotation] 0 36 -4
*[name] green_tree [pos] 73.8 0.0 -176.7 [scale] 5.6 5.3 5.6 [rotation] 0 39 4
*[name] green_tree [pos] 23.3 0.0 -176.7 [scale] 5.9 4.8 5.9 [rotation] 0 46 1
*[name] green_tree [pos] 73.8 0.0 -168.7 [scale] 5.6 6.4 5.6 [rotation] 0 62 -1
*[name] green_tree [pos] 29.3 0.0 -166.7 [scale] 4.4 3.8 4.4 [rotation] 0 82 2
*[name] green_tree [pos] 25.3 0.0 -166.7 [scale] 5.8 5.4 5.8 [rotation] 0 65 0
*[name] green_tree [pos] 70.8 0.0 -160.7 [scale] 5.1 4.8 5.1 [rotation] 0 62 0
*[name] green_tree [pos] 72.8 0.0 -146.6 [scale] 4.3 5.3 4.3 [rotation] 0 79 5
*[name] green_tree [pos] 72.8 0.0 -132.6 [scale] 4.9 4.6 4.9 [rotation] 0 11 -3
*[name] green_tree [pos] 69.8 0.0 -122.5 [scale] 5.1 5.6 5.1 [rotation] 0 11 0
*[name] green_tree [pos] 61.7 0.0 -102.4 [scale] 5.2 5.8 5.2 [rotation] 0 11 -1
*[name] green_tree [pos] 60.7 0.0 -94.4 [scale] 4.6 5.6 4.6 [rotation] 0 73 0
*[name] green_tree [pos] 60.7 0.0 -86.4 [scale] 5.9 6.9 5.9 [rotation] 0 17 3
*[name] green_tree [pos] 59.7 0.0 -82.3 [scale] 6.0 7.5 6.0 [rotation] 0 30 1
*[name] green_tree [pos] 60.7 0.0 -76.3 [scale] 4.4 3.5 4.4 [rotation] 0 6 -2

*[name] cube_snow [pos] 45.0  0.0 -160.0 
[scale] 2.0 0.3 20.0 [rotation] -20 45 0 [translation] 0 10.4 0

*[name] cube [pos] 43.0  0.0 -158.9 
[scale] 0.1 1 15.0 [rotation] -20 45 0 [translation] 0 9.5 0

*[name] cube [pos] 45.0  0.0 -162.0 
[scale] 0.1 1 14.0 [rotation] -20 45 0 [translation] 0 9.5 0

*[name] cube [pos] 45.0  0.0 -158.0 
[scale] 1.5 4.9 1.0 [rotation] -20 50 0 [translation] 0 0 0

*[name] cube [pos] 39.0  0.0 -165.0 
[scale] 1.5 2.2 0.3 [rotation] -20 70 0 [translation] 0 0 0

*[name] cube [pos] 50.0  0.0 -153.0 
[scale] 1.5 4.0 0.3 [rotation] -20 70 0 [translation] 0 0 0

*[name] house [pos] 30.0  -0.0 -195.0 
[scale] 2.5 2.5 2.5 [rotation] -20 -10 0 [translation] 0 0 0

*[name] tree1 [pos] 25.0  0.0 -180.0 
[scale] 8.0 12.0 8.0 [rotation] -0 0 0 [translation] 0 0 0

*[name] tree1 [pos] 20.0  0.0 -175.0 
[scale] 8.0 10.0 8.0 [rotation] -0 0 0 [translation] 0 0 0

*[name] tree1 [pos] 20.0  0.0 -180.0 
[scale] 8.0 14.0 8.0 [rotation] -0 0 0 [translation] 0 0 0

*[name] tree1 [pos] 20.0  0.0 -195.0 
[scale] 12.0 20.0 8.0 [rotation] -0 0 0 [translation] 0 0 0

*[name] tree2 [pos] 48.0  0.0 -65.0 
[scale] 5.0 7.0 5.0 [rotation] -0 0 0 [translation] 0 0 0

*[name] tree1 [pos] 70.0  0.0 -205.0 
[scale] 12.0 17.0 8.0 [rotation] -0 45 0 [translation] 0 0 0

*[name] treegen [pos] 35.0  0.0 -20.0 
[scale] 10.0 8.0 10.0 [rotation] -0 45 0 [translation] 0 -1 0

*[name] treegen [pos] 32.0  0.0 -17.0 
[scale] 10.0 8.0 10.0 [rotation] -0 65 0 [translation] 0 -1 0

*[name] treegen [pos] 38.0  0.0 -17.0 
[scale] 10.0 8.0 10.0 [rotation] -0 15 0 [translation] 0 -1 0

*[name] treegen [pos] 38.0  0.0 -26.0 
[scale] 10.0 8.0 10.0 [rotation] -0 85 0 [translation] 0 -1 0

*[name] treegen [pos] 33.0  0.0 -36.0 
[scale] 10.0 8.0 10.0 [rotation] -0 25 0 [translation] 0 -1 0

*[name] treegen [pos] 34.0  0.0 -43.0 
[scale] 10.0 8.0 10.0 [rotation] -0 45 0 [translation] 0 -1 0

*[name] treegen [pos] 30.0  0.0 -50.0 
[scale] 10.0 8.0 10.0 [rotation] -0 35 0 [translation] 0 -1 0

*[name] treegen [pos] 33.0  0.0 -48.0 
[scale] 10.0 8.0 10.0 [rotation] -0 95 0 [translation] 0 -1 0

*[name] treegen [pos] 28.0  0.0 -26.0 
[scale] 10.0 8.0 10.0 [rotation] -0 45 0 [translation] 0 -1 0

*[name] treegen [pos] 23.0  0.0 -36.0 
[scale] 10.0 8.0 10.0 [rotation] -0 45 0 [translation] 0 -1 0

*[name] treegen [pos] 24.0  0.0 -43.0 
[scale] 10.0 8.0 10.0 [rotation] -0 45 0 [translation] 0 -1 0

*[name] treegen [pos] 20.0  0.0 -50.0 
[scale] 10.0 8.0 10.0 [rotation] -0 45 0 [translation] 0 -1 0

*[name] treegen [pos] 23.0  0.0 -48.0 
[scale] 10.0 8.0 10.0 [rotation] -0 45 0 [translation] 0 -1 0

*[name] treegen [pos] 55.0  0.0 -20.0 
[scale] 7.0 8.0 7.0 [rotation] -0 0 45 [translation] 0 -2 0

*[name] treegen [pos] 50.0  0.0 -24.0 
[scale] 7.0 6.0 7.0 [rotation] -0 40 0 [translation] 0 -1 0

*[name] treegen [pos] 45.0  0.0 -32.0 
[scale] 5.0 5.0 5.0 [rotation] -10 5 0 [translation] 0 -2 0

*[name] treegen [pos] 33.0  0.0 -36.0 
[scale] 10.0 8.0 10.0 [rotation] -0 45 0 [translation] 0 -1 0

*[name] treegen [pos] 54.0  0.0 -43.0 
[scale] 10.0 8.0 10.0 [rotation] -10 45 0 [translation] 0 -1 0

*[name] treegen [pos] 50.0  0.0 -50.0 
[scale] 10.0 8.0 10.0 [rotation] -0 45 0 [translation] 0 -1 0

*[name] treegen [pos] 53.0  0.0 -58.0 
[scale] 10.0 8.0 10.0 [rotation] -0 45 0 [translation] 0 -1 0

*[name] treegen [pos] 51.0  0.0 -62.0 
[scale] 6.0 8.0 6.0 [rotation] -0 45 0 [translation] 0 -2 0

*[name] treegen [pos] 65.0  0.0 -35.0 
[scale] 15.0 15.0 15.0 [rotation] -10 45 0 [translation] 0 -8 0

*[name] wall_cube [pos] 25.0  0.0 -80.0 
[scale] 4.0 2.0 0.2 [rotation] -10 0 0 [translation] 0 0 0

*[name] wall_cube [pos] 37.0  0.0 -80.0 
[scale] 4.0 2.0 0.2 [rotation] -10 0 0 [translation] 0 0 0

*[name] wall_cube [pos] 20.5  0.0 -80.0 
[scale] 0.5 2.5 0.5 [rotation] -10 0 0 [translation] 0 0 0

*[name] wall_cube [pos] 29.5  0.0 -80.0 
[scale] 0.5 2.5 0.5 [rotation] -10 0 0 [translation] 0 0 0

*[name] wall_cube [pos] 32.5  0.0 -80.0 
[scale] 0.5 2.5 0.5 [rotation] -10 0 0 [translation] 0 0 0

*[name] wall_cube [pos] 41.5  0.0 -80.0 
[scale] 0.5 2.5 0.5 [rotation] -10 0 0 [translation] 0 0 0

*[name] wall_cube [pos] 44.0  0.0 -83.5 
[scale] 4.0 2.0 0.2 [rotation] -10 45 0 [translation] 0 -2.5 0

*[name] wall_cube [pos] 18.0  0.0 -82.2 
[scale] 4.0 2.0 0.2 [rotation] -10 -50 0 [translation] 0 -1.5 0

*[name] treegen [pos] 40.0  0.0 -83.0 
[scale] 10 8.5 10 [rotation] -10 45 0 [translation] 0 0 0

*[name] treegen [pos] 23.0  0.0 -88.0 
[scale] 7 6.5 7 [rotation] -10 0 -10 [translation] 0 0 0

*[name] bridge_sign [pos] 45.0  0.0 -71.0 
[scale] 3 3 3 [rotation] -10 0 -5 [translation] 0 0 0

*[name] finish [pos] 45.0  0.0 -435.0 
[scale] 6 4 4 [rotation] 0 0 0 [translation] 0 0 0

