*[name] finish [pos] 45  0.0 -50.0 
[scale] 10 4 4 [rotation] -0 0 0 [translation] 0 0 0

#*[name] wall_cube [pos] 40.4 0 -4 
#[scale] 4 1.6 0.1 [rotation] -15 0 0

#*[name] wall_cube [pos] 49.6 0 -4 
#[scale] 4 1.6 0.1 [rotation] -15 0 0

*[name] wall_cube2 [pos] 47 0 -0.5 
[scale] 8 0.4 4 [rotation] -20 0 0 [translation] 0 -0.82 0


*[name] treegen [pos] 43 0 -185 
[scale] 6 6 6 [rotation] -15 0 0 [translation] 0 -1 0

*[name] treegen [pos] 52 0 -185 
[scale] 6 5 6 [rotation] -15 0 0 [translation] 0 -1 0

*[name] treegen [pos] 45 0 -190 
[scale] 11 9 11 [rotation] -15 0 0 [translation] 0 -1 0

*[name] treegen [pos] 48 0 -186 
[scale] 6 5 6 [rotation] -15 0 0 [translation] 0 -1 0

*[name] treegen [pos] 38 0 -180 
[scale] 8 7 8 [rotation] -15 0 0 [translation] 0 -1 0


*[name] green_tree [pos] 38 0 -19 
[scale] 4 5 4 [rotation] -15 0 0 [translation] 0 0 0

*[name] green_tree [pos] 40 0 -23 
[scale] 3 3 3 [rotation] -15 0 0 [translation] 0 0 0

*[name] green_tree [pos] 35 0 -27 
[scale] 4 4 4 [rotation] -15 0 0 [translation] 0 0 0

*[name] green_tree [pos] 41 0 -35 
[scale] 5 5 5 [rotation] -15 0 0 [translation] 0 0 0

*[name] green_tree [pos] 38 0 -40 
[scale] 4 4 4 [rotation] -15 0 0 [translation] 0 0 0

*[name] green_tree [pos] 40 0 -45 
[scale] 3 5 5 [rotation] -15 0 0 [translation] 0 0 0

*[name] green_tree [pos] 35 0 -50 
[scale] 4 5 4 [rotation] -15 0 0 [translation] 0 0 0

*[name] green_tree [pos] 47.5 0 -4.6 
[scale] 3 4 3 [rotation] -15 30 0 [translation] 0 0 0

*[name] green_tree [pos] 48.5 0 -4.6 
[scale] 2 3 2 [rotation] -15 45 0 [translation] 0 0 0

*[name] green_tree [pos] 50 0 -4.6 
[scale] 3 4 3 [rotation] -15 -40 0 [translation] 0 0 0

*[name] green_tree [pos] 51.5 0 -4.6 
[scale] 2.5 3.5 2.5 [rotation] -15 60 0 [translation] 0 0 0

*[name] green_tree [pos] 40.5 0 -4.6 
[scale] 2 3 2 [rotation] -15 45 0 [translation] 0 0 0

*[name] green_tree [pos] 41.5 0 -4.6 
[scale] 3 4 3 [rotation] -15 -40 0 [translation] 0 0 0

*[name] green_tree [pos] 42.5 0 -4.6 
[scale] 2.5 3.5 2.5 [rotation] -15 60 0 [translation] 0 0 0




